grader   : lint
dimension: conventions  critical=False
command  : ruff check .
overlay  : -
status   : fail
exit code: 1
duration : 0.09s
reason   : exit code 1

--- stdout (tail) ---
F841 [*] Local variable `email_error` is assigned to but never used
  --> src\notifier\service.py:23:25
   |
21 |             lambda: send_email(recipient["email"], message)
22 |         )
23 |     except Exception as email_error:
   |                         ^^^^^^^^^^^
24 |         phone = recipient.get("phone")
25 |         if not phone:
   |
help: Remove assignment to unused variable `email_error`
   |
22 |         )
   -     except Exception as email_error:
23 +     except Exception:
24 |         phone = recipient.get("phone")
   |

Found 1 error.
[*] 1 fixable with the `--fix` option.


--- stderr (tail) ---

